Archive member included to satisfy reference by file (symbol)

c:/program files/microchip/avr8-gnu-toolchain-win32_x86/bin/../lib/gcc/avr/5.4.0/../../../../avr/lib/avr5\libm.a(addsf3.o)
                              build/default/production/PID.o (__subsf3)
c:/program files/microchip/avr8-gnu-toolchain-win32_x86/bin/../lib/gcc/avr/5.4.0/../../../../avr/lib/avr5\libm.a(addsf3x.o)
                              c:/program files/microchip/avr8-gnu-toolchain-win32_x86/bin/../lib/gcc/avr/5.4.0/../../../../avr/lib/avr5\libm.a(addsf3.o) (__addsf3x)
c:/program files/microchip/avr8-gnu-toolchain-win32_x86/bin/../lib/gcc/avr/5.4.0/../../../../avr/lib/avr5\libm.a(cmpsf2.o)
                              build/default/production/PID.o (__ltsf2)
c:/program files/microchip/avr8-gnu-toolchain-win32_x86/bin/../lib/gcc/avr/5.4.0/../../../../avr/lib/avr5\libm.a(divsf3.o)
                              build/default/production/PID.o (__divsf3)
c:/program files/microchip/avr8-gnu-toolchain-win32_x86/bin/../lib/gcc/avr/5.4.0/../../../../avr/lib/avr5\libm.a(divsf3x.o)
                              c:/program files/microchip/avr8-gnu-toolchain-win32_x86/bin/../lib/gcc/avr/5.4.0/../../../../avr/lib/avr5\libm.a(divsf3.o) (__divsf3x)
c:/program files/microchip/avr8-gnu-toolchain-win32_x86/bin/../lib/gcc/avr/5.4.0/../../../../avr/lib/avr5\libm.a(fixsfsi.o)
                              build/default/production/main.o (__fixsfsi)
c:/program files/microchip/avr8-gnu-toolchain-win32_x86/bin/../lib/gcc/avr/5.4.0/../../../../avr/lib/avr5\libm.a(fixunssfsi.o)
                              build/default/production/main.o (__fixunssfsi)
c:/program files/microchip/avr8-gnu-toolchain-win32_x86/bin/../lib/gcc/avr/5.4.0/../../../../avr/lib/avr5\libm.a(floatsisf.o)
                              build/default/production/main.o (__floatunsisf)
c:/program files/microchip/avr8-gnu-toolchain-win32_x86/bin/../lib/gcc/avr/5.4.0/../../../../avr/lib/avr5\libm.a(fp_cmp.o)
                              c:/program files/microchip/avr8-gnu-toolchain-win32_x86/bin/../lib/gcc/avr/5.4.0/../../../../avr/lib/avr5\libm.a(cmpsf2.o) (__fp_cmp)
c:/program files/microchip/avr8-gnu-toolchain-win32_x86/bin/../lib/gcc/avr/5.4.0/../../../../avr/lib/avr5\libm.a(fp_inf.o)
                              c:/program files/microchip/avr8-gnu-toolchain-win32_x86/bin/../lib/gcc/avr/5.4.0/../../../../avr/lib/avr5\libm.a(addsf3x.o) (__fp_inf)
c:/program files/microchip/avr8-gnu-toolchain-win32_x86/bin/../lib/gcc/avr/5.4.0/../../../../avr/lib/avr5\libm.a(fp_nan.o)
                              c:/program files/microchip/avr8-gnu-toolchain-win32_x86/bin/../lib/gcc/avr/5.4.0/../../../../avr/lib/avr5\libm.a(addsf3x.o) (__fp_nan)
c:/program files/microchip/avr8-gnu-toolchain-win32_x86/bin/../lib/gcc/avr/5.4.0/../../../../avr/lib/avr5\libm.a(fp_pscA.o)
                              c:/program files/microchip/avr8-gnu-toolchain-win32_x86/bin/../lib/gcc/avr/5.4.0/../../../../avr/lib/avr5\libm.a(addsf3x.o) (__fp_pscA)
c:/program files/microchip/avr8-gnu-toolchain-win32_x86/bin/../lib/gcc/avr/5.4.0/../../../../avr/lib/avr5\libm.a(fp_pscB.o)
                              c:/program files/microchip/avr8-gnu-toolchain-win32_x86/bin/../lib/gcc/avr/5.4.0/../../../../avr/lib/avr5\libm.a(addsf3x.o) (__fp_pscB)
c:/program files/microchip/avr8-gnu-toolchain-win32_x86/bin/../lib/gcc/avr/5.4.0/../../../../avr/lib/avr5\libm.a(fp_round.o)
                              c:/program files/microchip/avr8-gnu-toolchain-win32_x86/bin/../lib/gcc/avr/5.4.0/../../../../avr/lib/avr5\libm.a(addsf3.o) (__fp_round)
c:/program files/microchip/avr8-gnu-toolchain-win32_x86/bin/../lib/gcc/avr/5.4.0/../../../../avr/lib/avr5\libm.a(fp_split3.o)
                              c:/program files/microchip/avr8-gnu-toolchain-win32_x86/bin/../lib/gcc/avr/5.4.0/../../../../avr/lib/avr5\libm.a(addsf3x.o) (__fp_split3)
c:/program files/microchip/avr8-gnu-toolchain-win32_x86/bin/../lib/gcc/avr/5.4.0/../../../../avr/lib/avr5\libm.a(fp_zero.o)
                              c:/program files/microchip/avr8-gnu-toolchain-win32_x86/bin/../lib/gcc/avr/5.4.0/../../../../avr/lib/avr5\libm.a(addsf3x.o) (__fp_zero)
c:/program files/microchip/avr8-gnu-toolchain-win32_x86/bin/../lib/gcc/avr/5.4.0/../../../../avr/lib/avr5\libm.a(gesf2.o)
                              build/default/production/PID.o (__gesf2)
c:/program files/microchip/avr8-gnu-toolchain-win32_x86/bin/../lib/gcc/avr/5.4.0/../../../../avr/lib/avr5\libm.a(mulsf3.o)
                              build/default/production/main.o (__mulsf3)
c:/program files/microchip/avr8-gnu-toolchain-win32_x86/bin/../lib/gcc/avr/5.4.0/../../../../avr/lib/avr5\libm.a(mulsf3x.o)
                              c:/program files/microchip/avr8-gnu-toolchain-win32_x86/bin/../lib/gcc/avr/5.4.0/../../../../avr/lib/avr5\libm.a(mulsf3.o) (__mulsf3x)
c:/program files/microchip/avr8-gnu-toolchain-win32_x86/bin/../lib/gcc/avr/5.4.0/avr5\libgcc.a(_mulsi3.o)
                              build/default/production/main.o (__mulsi3)
c:/program files/microchip/avr8-gnu-toolchain-win32_x86/bin/../lib/gcc/avr/5.4.0/avr5\libgcc.a(_udivmodsi4.o)
                              build/default/production/main.o (__udivmodsi4)
c:/program files/microchip/avr8-gnu-toolchain-win32_x86/bin/../lib/gcc/avr/5.4.0/avr5\libgcc.a(_exit.o)
                              C:/Program Files/Microchip/MPLABX/v6.00/packs/Microchip/ATmega_DFP/2.4.131/gcc/dev/atmega328p/avr5/crtatmega328p.o (exit)
c:/program files/microchip/avr8-gnu-toolchain-win32_x86/bin/../lib/gcc/avr/5.4.0/avr5\libgcc.a(_copy_data.o)
                              build/default/production/mcc_generated_files/src/tc1.o (__do_copy_data)
c:/program files/microchip/avr8-gnu-toolchain-win32_x86/bin/../lib/gcc/avr/5.4.0/avr5\libgcc.a(_clear_bss.o)
                              build/default/production/mcc_generated_files/src/tc0.o (__do_clear_bss)
c:/program files/microchip/avr8-gnu-toolchain-win32_x86/bin/../lib/gcc/avr/5.4.0/avr5\libgcc.a(_umulhisi3.o)
                              build/default/production/main.o (__umulhisi3)
c:/program files/microchip/avr8-gnu-toolchain-win32_x86/bin/../lib/gcc/avr/5.4.0/avr5\libgcc.a(_muluhisi3.o)
                              c:/program files/microchip/avr8-gnu-toolchain-win32_x86/bin/../lib/gcc/avr/5.4.0/avr5\libgcc.a(_mulsi3.o) (__muluhisi3)

Allocating common symbols
Common symbol       size              file

pid                 0x2               build/default/production/main.o
ctrldata            0x2c              build/default/production/main.o

Discarded input sections

 .data          0x00000000        0x0 C:/Program Files/Microchip/MPLABX/v6.00/packs/Microchip/ATmega_DFP/2.4.131/gcc/dev/atmega328p/avr5/crtatmega328p.o
 .bss           0x00000000        0x0 C:/Program Files/Microchip/MPLABX/v6.00/packs/Microchip/ATmega_DFP/2.4.131/gcc/dev/atmega328p/avr5/crtatmega328p.o
 .text          0x00000000        0x0 build/default/production/mcc_generated_files/src/protected_io.o
 .data          0x00000000        0x0 build/default/production/mcc_generated_files/src/protected_io.o
 .bss           0x00000000        0x0 build/default/production/mcc_generated_files/src/protected_io.o
 .text.protected_write_io
                0x00000000        0x8 build/default/production/mcc_generated_files/src/protected_io.o
 .text          0x00000000        0x0 build/default/production/mcc_generated_files/src/tc1.o
 .data          0x00000000        0x0 build/default/production/mcc_generated_files/src/tc1.o
 .bss           0x00000000        0x0 build/default/production/mcc_generated_files/src/tc1.o
 .text.TC1_SetOVFIsrCallback
                0x00000000        0xa build/default/production/mcc_generated_files/src/tc1.o
 .text.TC1_SetCOMPAIsrCallback
                0x00000000        0xa build/default/production/mcc_generated_files/src/tc1.o
 .text.TC1_SetCOMPBIsrCallback
                0x00000000        0xa build/default/production/mcc_generated_files/src/tc1.o
 .text.TC1_SetCAPTIsrCallback
                0x00000000        0xa build/default/production/mcc_generated_files/src/tc1.o
 .text.TC1_WriteTimer
                0x00000000        0xa build/default/production/mcc_generated_files/src/tc1.o
 .text.TC1_ReadTimer
                0x00000000        0xa build/default/production/mcc_generated_files/src/tc1.o
 .text.TC1_EnableInterrupt
                0x00000000        0x8 build/default/production/mcc_generated_files/src/tc1.o
 .text.TC1_DisableInterrupt
                0x00000000        0x6 build/default/production/mcc_generated_files/src/tc1.o
 .text.TC1_ClearOverflowInterruptFlag
                0x00000000        0x6 build/default/production/mcc_generated_files/src/tc1.o
 .text.TC1_IsOverflowInterruptEnabled
                0x00000000        0x8 build/default/production/mcc_generated_files/src/tc1.o
 .text          0x00000000        0x0 build/default/production/mcc_generated_files/src/cpuint.o
 .data          0x00000000        0x0 build/default/production/mcc_generated_files/src/cpuint.o
 .bss           0x00000000        0x0 build/default/production/mcc_generated_files/src/cpuint.o
 .text          0x00000000        0x0 build/default/production/mcc_generated_files/src/pin_manager.o
 .data          0x00000000        0x0 build/default/production/mcc_generated_files/src/pin_manager.o
 .bss           0x00000000        0x0 build/default/production/mcc_generated_files/src/pin_manager.o
 .text.PORT_Initialize
                0x00000000        0x2 build/default/production/mcc_generated_files/src/pin_manager.o
 .text          0x00000000        0x0 build/default/production/mcc_generated_files/src/tc0.o
 .data          0x00000000        0x0 build/default/production/mcc_generated_files/src/tc0.o
 .bss           0x00000000        0x0 build/default/production/mcc_generated_files/src/tc0.o
 .text.TC0_SetOVFIsrCallback
                0x00000000        0xa build/default/production/mcc_generated_files/src/tc0.o
 .text.TC0_SetCMPAIsrCallback
                0x00000000        0xa build/default/production/mcc_generated_files/src/tc0.o
 .text.TC0_SetCMPBIsrCallback
                0x00000000        0xa build/default/production/mcc_generated_files/src/tc0.o
 .text.TC0_WriteTimer
                0x00000000        0x4 build/default/production/mcc_generated_files/src/tc0.o
 .text.TC0_ReadTimer
                0x00000000        0x4 build/default/production/mcc_generated_files/src/tc0.o
 .text.TC0_EnableInterrupt
                0x00000000        0x8 build/default/production/mcc_generated_files/src/tc0.o
 .text.TC0_DisableInterrupt
                0x00000000        0x6 build/default/production/mcc_generated_files/src/tc0.o
 .text.TC0_ClearOverflowInterruptFlag
                0x00000000        0x6 build/default/production/mcc_generated_files/src/tc0.o
 .text.TC0_IsOverflowInterruptEnabled
                0x00000000        0x8 build/default/production/mcc_generated_files/src/tc0.o
 .text          0x00000000        0x0 build/default/production/mcc_generated_files/src/exint.o
 .data          0x00000000        0x0 build/default/production/mcc_generated_files/src/exint.o
 .bss           0x00000000        0x0 build/default/production/mcc_generated_files/src/exint.o
 .text          0x00000000        0x0 build/default/production/mcc_generated_files/device_config.o
 .data          0x00000000        0x0 build/default/production/mcc_generated_files/device_config.o
 .bss           0x00000000        0x0 build/default/production/mcc_generated_files/device_config.o
 .text          0x00000000        0x0 build/default/production/mcc_generated_files/mcc.o
 .data          0x00000000        0x0 build/default/production/mcc_generated_files/mcc.o
 .bss           0x00000000        0x0 build/default/production/mcc_generated_files/mcc.o
 .text.WDT_Initialize
                0x00000000        0x8 build/default/production/mcc_generated_files/mcc.o
 .text          0x00000000        0x0 build/default/production/main.o
 .data          0x00000000        0x0 build/default/production/main.o
 .bss           0x00000000        0x0 build/default/production/main.o
 .text.expAverage
                0x00000000       0x70 build/default/production/main.o
 .text.MAP      0x00000000       0x82 build/default/production/main.o
 .bss.filVal.1932
                0x00000000        0x2 build/default/production/main.o
 .bss.now       0x00000000        0x4 build/default/production/main.o
 .bss.rpm       0x00000000        0x2 build/default/production/main.o
 .bss.avgRPM    0x00000000        0x2 build/default/production/main.o
 .data.k        0x00000000        0x4 build/default/production/main.o
 .text          0x00000000        0x0 build/default/production/PID.o
 .data          0x00000000        0x0 build/default/production/PID.o
 .bss           0x00000000        0x0 build/default/production/PID.o
 .text.pid_need_compute
                0x00000000       0x4c build/default/production/PID.o
 .text.pid_compute
                0x00000000      0x22a build/default/production/PID.o
 .text.pid_sample
                0x00000000       0x9a build/default/production/PID.o
 .text.pid_manual
                0x00000000        0x6 build/default/production/PID.o
 .text          0x00000000        0x0 build/default/production/mcc_generated_files/src/adc.o
 .data          0x00000000        0x0 build/default/production/mcc_generated_files/src/adc.o
 .bss           0x00000000        0x0 build/default/production/mcc_generated_files/src/adc.o
 .text.ADC_Enable
                0x00000000        0xc build/default/production/mcc_generated_files/src/adc.o
 .text.ADC_Disable
                0x00000000        0xc build/default/production/mcc_generated_files/src/adc.o
 .text.ADC_GetResolution
                0x00000000        0x4 build/default/production/mcc_generated_files/src/adc.o
 .text.ADC_RegisterCallback
                0x00000000        0xa build/default/production/mcc_generated_files/src/adc.o
 .text          0x00000000        0x0 c:/program files/microchip/avr8-gnu-toolchain-win32_x86/bin/../lib/gcc/avr/5.4.0/../../../../avr/lib/avr5\libm.a(addsf3.o)
 .data          0x00000000        0x0 c:/program files/microchip/avr8-gnu-toolchain-win32_x86/bin/../lib/gcc/avr/5.4.0/../../../../avr/lib/avr5\libm.a(addsf3.o)
 .bss           0x00000000        0x0 c:/program files/microchip/avr8-gnu-toolchain-win32_x86/bin/../lib/gcc/avr/5.4.0/../../../../avr/lib/avr5\libm.a(addsf3.o)
 .text          0x00000000        0x0 c:/program files/microchip/avr8-gnu-toolchain-win32_x86/bin/../lib/gcc/avr/5.4.0/../../../../avr/lib/avr5\libm.a(addsf3x.o)
 .data          0x00000000        0x0 c:/program files/microchip/avr8-gnu-toolchain-win32_x86/bin/../lib/gcc/avr/5.4.0/../../../../avr/lib/avr5\libm.a(addsf3x.o)
 .bss           0x00000000        0x0 c:/program files/microchip/avr8-gnu-toolchain-win32_x86/bin/../lib/gcc/avr/5.4.0/../../../../avr/lib/avr5\libm.a(addsf3x.o)
 .text          0x00000000        0x0 c:/program files/microchip/avr8-gnu-toolchain-win32_x86/bin/../lib/gcc/avr/5.4.0/../../../../avr/lib/avr5\libm.a(cmpsf2.o)
 .data          0x00000000        0x0 c:/program files/microchip/avr8-gnu-toolchain-win32_x86/bin/../lib/gcc/avr/5.4.0/../../../../avr/lib/avr5\libm.a(cmpsf2.o)
 .bss           0x00000000        0x0 c:/program files/microchip/avr8-gnu-toolchain-win32_x86/bin/../lib/gcc/avr/5.4.0/../../../../avr/lib/avr5\libm.a(cmpsf2.o)
 .text          0x00000000        0x0 c:/program files/microchip/avr8-gnu-toolchain-win32_x86/bin/../lib/gcc/avr/5.4.0/../../../../avr/lib/avr5\libm.a(divsf3.o)
 .data          0x00000000        0x0 c:/program files/microchip/avr8-gnu-toolchain-win32_x86/bin/../lib/gcc/avr/5.4.0/../../../../avr/lib/avr5\libm.a(divsf3.o)
 .bss           0x00000000        0x0 c:/program files/microchip/avr8-gnu-toolchain-win32_x86/bin/../lib/gcc/avr/5.4.0/../../../../avr/lib/avr5\libm.a(divsf3.o)
 .text          0x00000000        0x0 c:/program files/microchip/avr8-gnu-toolchain-win32_x86/bin/../lib/gcc/avr/5.4.0/../../../../avr/lib/avr5\libm.a(divsf3x.o)
 .data          0x00000000        0x0 c:/program files/microchip/avr8-gnu-toolchain-win32_x86/bin/../lib/gcc/avr/5.4.0/../../../../avr/lib/avr5\libm.a(divsf3x.o)
 .bss           0x00000000        0x0 c:/program files/microchip/avr8-gnu-toolchain-win32_x86/bin/../lib/gcc/avr/5.4.0/../../../../avr/lib/avr5\libm.a(divsf3x.o)
 .text          0x00000000        0x0 c:/program files/microchip/avr8-gnu-toolchain-win32_x86/bin/../lib/gcc/avr/5.4.0/../../../../avr/lib/avr5\libm.a(fixsfsi.o)
 .data          0x00000000        0x0 c:/program files/microchip/avr8-gnu-toolchain-win32_x86/bin/../lib/gcc/avr/5.4.0/../../../../avr/lib/avr5\libm.a(fixsfsi.o)
 .bss           0x00000000        0x0 c:/program files/microchip/avr8-gnu-toolchain-win32_x86/bin/../lib/gcc/avr/5.4.0/../../../../avr/lib/avr5\libm.a(fixsfsi.o)
 .text.avr-libc.fplib
                0x00000000        0xe c:/program files/microchip/avr8-gnu-toolchain-win32_x86/bin/../lib/gcc/avr/5.4.0/../../../../avr/lib/avr5\libm.a(fixsfsi.o)
 .text          0x00000000        0x0 c:/program files/microchip/avr8-gnu-toolchain-win32_x86/bin/../lib/gcc/avr/5.4.0/../../../../avr/lib/avr5\libm.a(fixunssfsi.o)
 .data          0x00000000        0x0 c:/program files/microchip/avr8-gnu-toolchain-win32_x86/bin/../lib/gcc/avr/5.4.0/../../../../avr/lib/avr5\libm.a(fixunssfsi.o)
 .bss           0x00000000        0x0 c:/program files/microchip/avr8-gnu-toolchain-win32_x86/bin/../lib/gcc/avr/5.4.0/../../../../avr/lib/avr5\libm.a(fixunssfsi.o)
 .text          0x00000000        0x0 c:/program files/microchip/avr8-gnu-toolchain-win32_x86/bin/../lib/gcc/avr/5.4.0/../../../../avr/lib/avr5\libm.a(floatsisf.o)
 .data          0x00000000        0x0 c:/program files/microchip/avr8-gnu-toolchain-win32_x86/bin/../lib/gcc/avr/5.4.0/../../../../avr/lib/avr5\libm.a(floatsisf.o)
 .bss           0x00000000        0x0 c:/program files/microchip/avr8-gnu-toolchain-win32_x86/bin/../lib/gcc/avr/5.4.0/../../../../avr/lib/avr5\libm.a(floatsisf.o)
 .text          0x00000000        0x0 c:/program files/microchip/avr8-gnu-toolchain-win32_x86/bin/../lib/gcc/avr/5.4.0/../../../../avr/lib/avr5\libm.a(fp_cmp.o)
 .data          0x00000000        0x0 c:/program files/microchip/avr8-gnu-toolchain-win32_x86/bin/../lib/gcc/avr/5.4.0/../../../../avr/lib/avr5\libm.a(fp_cmp.o)
 .bss           0x00000000        0x0 c:/program files/microchip/avr8-gnu-toolchain-win32_x86/bin/../lib/gcc/avr/5.4.0/../../../../avr/lib/avr5\libm.a(fp_cmp.o)
 .text          0x00000000        0x0 c:/program files/microchip/avr8-gnu-toolchain-win32_x86/bin/../lib/gcc/avr/5.4.0/../../../../avr/lib/avr5\libm.a(fp_inf.o)
 .data          0x00000000        0x0 c:/program files/microchip/avr8-gnu-toolchain-win32_x86/bin/../lib/gcc/avr/5.4.0/../../../../avr/lib/avr5\libm.a(fp_inf.o)
 .bss           0x00000000        0x0 c:/program files/microchip/avr8-gnu-toolchain-win32_x86/bin/../lib/gcc/avr/5.4.0/../../../../avr/lib/avr5\libm.a(fp_inf.o)
 .text          0x00000000        0x0 c:/program files/microchip/avr8-gnu-toolchain-win32_x86/bin/../lib/gcc/avr/5.4.0/../../../../avr/lib/avr5\libm.a(fp_nan.o)
 .data          0x00000000        0x0 c:/program files/microchip/avr8-gnu-toolchain-win32_x86/bin/../lib/gcc/avr/5.4.0/../../../../avr/lib/avr5\libm.a(fp_nan.o)
 .bss           0x00000000        0x0 c:/program files/microchip/avr8-gnu-toolchain-win32_x86/bin/../lib/gcc/avr/5.4.0/../../../../avr/lib/avr5\libm.a(fp_nan.o)
 .text          0x00000000        0x0 c:/program files/microchip/avr8-gnu-toolchain-win32_x86/bin/../lib/gcc/avr/5.4.0/../../../../avr/lib/avr5\libm.a(fp_pscA.o)
 .data          0x00000000        0x0 c:/program files/microchip/avr8-gnu-toolchain-win32_x86/bin/../lib/gcc/avr/5.4.0/../../../../avr/lib/avr5\libm.a(fp_pscA.o)
 .bss           0x00000000        0x0 c:/program files/microchip/avr8-gnu-toolchain-win32_x86/bin/../lib/gcc/avr/5.4.0/../../../../avr/lib/avr5\libm.a(fp_pscA.o)
 .text          0x00000000        0x0 c:/program files/microchip/avr8-gnu-toolchain-win32_x86/bin/../lib/gcc/avr/5.4.0/../../../../avr/lib/avr5\libm.a(fp_pscB.o)
 .data          0x00000000        0x0 c:/program files/microchip/avr8-gnu-toolchain-win32_x86/bin/../lib/gcc/avr/5.4.0/../../../../avr/lib/avr5\libm.a(fp_pscB.o)
 .bss           0x00000000        0x0 c:/program files/microchip/avr8-gnu-toolchain-win32_x86/bin/../lib/gcc/avr/5.4.0/../../../../avr/lib/avr5\libm.a(fp_pscB.o)
 .text          0x00000000        0x0 c:/program files/microchip/avr8-gnu-toolchain-win32_x86/bin/../lib/gcc/avr/5.4.0/../../../../avr/lib/avr5\libm.a(fp_round.o)
 .data          0x00000000        0x0 c:/program files/microchip/avr8-gnu-toolchain-win32_x86/bin/../lib/gcc/avr/5.4.0/../../../../avr/lib/avr5\libm.a(fp_round.o)
 .bss           0x00000000        0x0 c:/program files/microchip/avr8-gnu-toolchain-win32_x86/bin/../lib/gcc/avr/5.4.0/../../../../avr/lib/avr5\libm.a(fp_round.o)
 .text          0x00000000        0x0 c:/program files/microchip/avr8-gnu-toolchain-win32_x86/bin/../lib/gcc/avr/5.4.0/../../../../avr/lib/avr5\libm.a(fp_split3.o)
 .data          0x00000000        0x0 c:/program files/microchip/avr8-gnu-toolchain-win32_x86/bin/../lib/gcc/avr/5.4.0/../../../../avr/lib/avr5\libm.a(fp_split3.o)
 .bss           0x00000000        0x0 c:/program files/microchip/avr8-gnu-toolchain-win32_x86/bin/../lib/gcc/avr/5.4.0/../../../../avr/lib/avr5\libm.a(fp_split3.o)
 .text          0x00000000        0x0 c:/program files/microchip/avr8-gnu-toolchain-win32_x86/bin/../lib/gcc/avr/5.4.0/../../../../avr/lib/avr5\libm.a(fp_zero.o)
 .data          0x00000000        0x0 c:/program files/microchip/avr8-gnu-toolchain-win32_x86/bin/../lib/gcc/avr/5.4.0/../../../../avr/lib/avr5\libm.a(fp_zero.o)
 .bss           0x00000000        0x0 c:/program files/microchip/avr8-gnu-toolchain-win32_x86/bin/../lib/gcc/avr/5.4.0/../../../../avr/lib/avr5\libm.a(fp_zero.o)
 .text          0x00000000        0x0 c:/program files/microchip/avr8-gnu-toolchain-win32_x86/bin/../lib/gcc/avr/5.4.0/../../../../avr/lib/avr5\libm.a(gesf2.o)
 .data          0x00000000        0x0 c:/program files/microchip/avr8-gnu-toolchain-win32_x86/bin/../lib/gcc/avr/5.4.0/../../../../avr/lib/avr5\libm.a(gesf2.o)
 .bss           0x00000000        0x0 c:/program files/microchip/avr8-gnu-toolchain-win32_x86/bin/../lib/gcc/avr/5.4.0/../../../../avr/lib/avr5\libm.a(gesf2.o)
 .text          0x00000000        0x0 c:/program files/microchip/avr8-gnu-toolchain-win32_x86/bin/../lib/gcc/avr/5.4.0/../../../../avr/lib/avr5\libm.a(mulsf3.o)
 .data          0x00000000        0x0 c:/program files/microchip/avr8-gnu-toolchain-win32_x86/bin/../lib/gcc/avr/5.4.0/../../../../avr/lib/avr5\libm.a(mulsf3.o)
 .bss           0x00000000        0x0 c:/program files/microchip/avr8-gnu-toolchain-win32_x86/bin/../lib/gcc/avr/5.4.0/../../../../avr/lib/avr5\libm.a(mulsf3.o)
 .text          0x00000000        0x0 c:/program files/microchip/avr8-gnu-toolchain-win32_x86/bin/../lib/gcc/avr/5.4.0/../../../../avr/lib/avr5\libm.a(mulsf3x.o)
 .data          0x00000000        0x0 c:/program files/microchip/avr8-gnu-toolchain-win32_x86/bin/../lib/gcc/avr/5.4.0/../../../../avr/lib/avr5\libm.a(mulsf3x.o)
 .bss           0x00000000        0x0 c:/program files/microchip/avr8-gnu-toolchain-win32_x86/bin/../lib/gcc/avr/5.4.0/../../../../avr/lib/avr5\libm.a(mulsf3x.o)
 .text          0x00000000        0x0 c:/program files/microchip/avr8-gnu-toolchain-win32_x86/bin/../lib/gcc/avr/5.4.0/avr5\libgcc.a(_mulsi3.o)
 .data          0x00000000        0x0 c:/program files/microchip/avr8-gnu-toolchain-win32_x86/bin/../lib/gcc/avr/5.4.0/avr5\libgcc.a(_mulsi3.o)
 .bss           0x00000000        0x0 c:/program files/microchip/avr8-gnu-toolchain-win32_x86/bin/../lib/gcc/avr/5.4.0/avr5\libgcc.a(_mulsi3.o)
 .text.libgcc.mul
                0x00000000       0x20 c:/program files/microchip/avr8-gnu-toolchain-win32_x86/bin/../lib/gcc/avr/5.4.0/avr5\libgcc.a(_mulsi3.o)
 .text.libgcc.div
                0x00000000        0x0 c:/program files/microchip/avr8-gnu-toolchain-win32_x86/bin/../lib/gcc/avr/5.4.0/avr5\libgcc.a(_mulsi3.o)
 .text.libgcc   0x00000000        0x0 c:/program files/microchip/avr8-gnu-toolchain-win32_x86/bin/../lib/gcc/avr/5.4.0/avr5\libgcc.a(_mulsi3.o)
 .text.libgcc.prologue
                0x00000000        0x0 c:/program files/microchip/avr8-gnu-toolchain-win32_x86/bin/../lib/gcc/avr/5.4.0/avr5\libgcc.a(_mulsi3.o)
 .text.libgcc.builtins
                0x00000000        0x0 c:/program files/microchip/avr8-gnu-toolchain-win32_x86/bin/../lib/gcc/avr/5.4.0/avr5\libgcc.a(_mulsi3.o)
 .text.libgcc.fmul
                0x00000000        0x0 c:/program files/microchip/avr8-gnu-toolchain-win32_x86/bin/../lib/gcc/avr/5.4.0/avr5\libgcc.a(_mulsi3.o)
 .text.libgcc.fixed
                0x00000000        0x0 c:/program files/microchip/avr8-gnu-toolchain-win32_x86/bin/../lib/gcc/avr/5.4.0/avr5\libgcc.a(_mulsi3.o)
 .text          0x00000000        0x0 c:/program files/microchip/avr8-gnu-toolchain-win32_x86/bin/../lib/gcc/avr/5.4.0/avr5\libgcc.a(_udivmodsi4.o)
 .data          0x00000000        0x0 c:/program files/microchip/avr8-gnu-toolchain-win32_x86/bin/../lib/gcc/avr/5.4.0/avr5\libgcc.a(_udivmodsi4.o)
 .bss           0x00000000        0x0 c:/program files/microchip/avr8-gnu-toolchain-win32_x86/bin/../lib/gcc/avr/5.4.0/avr5\libgcc.a(_udivmodsi4.o)
 .text.libgcc.mul
                0x00000000        0x0 c:/program files/microchip/avr8-gnu-toolchain-win32_x86/bin/../lib/gcc/avr/5.4.0/avr5\libgcc.a(_udivmodsi4.o)
 .text.libgcc   0x00000000        0x0 c:/program files/microchip/avr8-gnu-toolchain-win32_x86/bin/../lib/gcc/avr/5.4.0/avr5\libgcc.a(_udivmodsi4.o)
 .text.libgcc.prologue
                0x00000000        0x0 c:/program files/microchip/avr8-gnu-toolchain-win32_x86/bin/../lib/gcc/avr/5.4.0/avr5\libgcc.a(_udivmodsi4.o)
 .text.libgcc.builtins
                0x00000000        0x0 c:/program files/microchip/avr8-gnu-toolchain-win32_x86/bin/../lib/gcc/avr/5.4.0/avr5\libgcc.a(_udivmodsi4.o)
 .text.libgcc.fmul
                0x00000000        0x0 c:/program files/microchip/avr8-gnu-toolchain-win32_x86/bin/../lib/gcc/avr/5.4.0/avr5\libgcc.a(_udivmodsi4.o)
 .text.libgcc.fixed
                0x00000000        0x0 c:/program files/microchip/avr8-gnu-toolchain-win32_x86/bin/../lib/gcc/avr/5.4.0/avr5\libgcc.a(_udivmodsi4.o)
 .text          0x00000000        0x0 c:/program files/microchip/avr8-gnu-toolchain-win32_x86/bin/../lib/gcc/avr/5.4.0/avr5\libgcc.a(_exit.o)
 .data          0x00000000        0x0 c:/program files/microchip/avr8-gnu-toolchain-win32_x86/bin/../lib/gcc/avr/5.4.0/avr5\libgcc.a(_exit.o)
 .bss           0x00000000        0x0 c:/program files/microchip/avr8-gnu-toolchain-win32_x86/bin/../lib/gcc/avr/5.4.0/avr5\libgcc.a(_exit.o)
 .text.libgcc.mul
                0x00000000        0x0 c:/program files/microchip/avr8-gnu-toolchain-win32_x86/bin/../lib/gcc/avr/5.4.0/avr5\libgcc.a(_exit.o)
 .text.libgcc.div
                0x00000000        0x0 c:/program files/microchip/avr8-gnu-toolchain-win32_x86/bin/../lib/gcc/avr/5.4.0/avr5\libgcc.a(_exit.o)
 .text.libgcc   0x00000000        0x0 c:/program files/microchip/avr8-gnu-toolchain-win32_x86/bin/../lib/gcc/avr/5.4.0/avr5\libgcc.a(_exit.o)
 .text.libgcc.prologue
                0x00000000        0x0 c:/program files/microchip/avr8-gnu-toolchain-win32_x86/bin/../lib/gcc/avr/5.4.0/avr5\libgcc.a(_exit.o)
 .text.libgcc.builtins
                0x00000000        0x0 c:/program files/microchip/avr8-gnu-toolchain-win32_x86/bin/../lib/gcc/avr/5.4.0/avr5\libgcc.a(_exit.o)
 .text.libgcc.fmul
                0x00000000        0x0 c:/program files/microchip/avr8-gnu-toolchain-win32_x86/bin/../lib/gcc/avr/5.4.0/avr5\libgcc.a(_exit.o)
 .text.libgcc.fixed
                0x00000000        0x0 c:/program files/microchip/avr8-gnu-toolchain-win32_x86/bin/../lib/gcc/avr/5.4.0/avr5\libgcc.a(_exit.o)
 .text          0x00000000        0x0 c:/program files/microchip/avr8-gnu-toolchain-win32_x86/bin/../lib/gcc/avr/5.4.0/avr5\libgcc.a(_copy_data.o)
 .data          0x00000000        0x0 c:/program files/microchip/avr8-gnu-toolchain-win32_x86/bin/../lib/gcc/avr/5.4.0/avr5\libgcc.a(_copy_data.o)
 .bss           0x00000000        0x0 c:/program files/microchip/avr8-gnu-toolchain-win32_x86/bin/../lib/gcc/avr/5.4.0/avr5\libgcc.a(_copy_data.o)
 .text.libgcc.mul
                0x00000000        0x0 c:/program files/microchip/avr8-gnu-toolchain-win32_x86/bin/../lib/gcc/avr/5.4.0/avr5\libgcc.a(_copy_data.o)
 .text.libgcc.div
                0x00000000        0x0 c:/program files/microchip/avr8-gnu-toolchain-win32_x86/bin/../lib/gcc/avr/5.4.0/avr5\libgcc.a(_copy_data.o)
 .text.libgcc   0x00000000        0x0 c:/program files/microchip/avr8-gnu-toolchain-win32_x86/bin/../lib/gcc/avr/5.4.0/avr5\libgcc.a(_copy_data.o)
 .text.libgcc.prologue
                0x00000000        0x0 c:/program files/microchip/avr8-gnu-toolchain-win32_x86/bin/../lib/gcc/avr/5.4.0/avr5\libgcc.a(_copy_data.o)
 .text.libgcc.builtins
                0x00000000        0x0 c:/program files/microchip/avr8-gnu-toolchain-win32_x86/bin/../lib/gcc/avr/5.4.0/avr5\libgcc.a(_copy_data.o)
 .text.libgcc.fmul
                0x00000000        0x0 c:/program files/microchip/avr8-gnu-toolchain-win32_x86/bin/../lib/gcc/avr/5.4.0/avr5\libgcc.a(_copy_data.o)
 .text.libgcc.fixed
                0x00000000        0x0 c:/program files/microchip/avr8-gnu-toolchain-win32_x86/bin/../lib/gcc/avr/5.4.0/avr5\libgcc.a(_copy_data.o)
 .text          0x00000000        0x0 c:/program files/microchip/avr8-gnu-toolchain-win32_x86/bin/../lib/gcc/avr/5.4.0/avr5\libgcc.a(_clear_bss.o)
 .data          0x00000000        0x0 c:/program files/microchip/avr8-gnu-toolchain-win32_x86/bin/../lib/gcc/avr/5.4.0/avr5\libgcc.a(_clear_bss.o)
 .bss           0x00000000        0x0 c:/program files/microchip/avr8-gnu-toolchain-win32_x86/bin/../lib/gcc/avr/5.4.0/avr5\libgcc.a(_clear_bss.o)
 .text.libgcc.mul
                0x00000000        0x0 c:/program files/microchip/avr8-gnu-toolchain-win32_x86/bin/../lib/gcc/avr/5.4.0/avr5\libgcc.a(_clear_bss.o)
 .text.libgcc.div
                0x00000000        0x0 c:/program files/microchip/avr8-gnu-toolchain-win32_x86/bin/../lib/gcc/avr/5.4.0/avr5\libgcc.a(_clear_bss.o)
 .text.libgcc   0x00000000        0x0 c:/program files/microchip/avr8-gnu-toolchain-win32_x86/bin/../lib/gcc/avr/5.4.0/avr5\libgcc.a(_clear_bss.o)
 .text.libgcc.prologue
                0x00000000        0x0 c:/program files/microchip/avr8-gnu-toolchain-win32_x86/bin/../lib/gcc/avr/5.4.0/avr5\libgcc.a(_clear_bss.o)
 .text.libgcc.builtins
                0x00000000        0x0 c:/program files/microchip/avr8-gnu-toolchain-win32_x86/bin/../lib/gcc/avr/5.4.0/avr5\libgcc.a(_clear_bss.o)
 .text.libgcc.fmul
                0x00000000        0x0 c:/program files/microchip/avr8-gnu-toolchain-win32_x86/bin/../lib/gcc/avr/5.4.0/avr5\libgcc.a(_clear_bss.o)
 .text.libgcc.fixed
                0x00000000        0x0 c:/program files/microchip/avr8-gnu-toolchain-win32_x86/bin/../lib/gcc/avr/5.4.0/avr5\libgcc.a(_clear_bss.o)
 .text          0x00000000        0x0 c:/program files/microchip/avr8-gnu-toolchain-win32_x86/bin/../lib/gcc/avr/5.4.0/avr5\libgcc.a(_umulhisi3.o)
 .data          0x00000000        0x0 c:/program files/microchip/avr8-gnu-toolchain-win32_x86/bin/../lib/gcc/avr/5.4.0/avr5\libgcc.a(_umulhisi3.o)
 .bss           0x00000000        0x0 c:/program files/microchip/avr8-gnu-toolchain-win32_x86/bin/../lib/gcc/avr/5.4.0/avr5\libgcc.a(_umulhisi3.o)
 .text.libgcc.div
                0x00000000        0x0 c:/program files/microchip/avr8-gnu-toolchain-win32_x86/bin/../lib/gcc/avr/5.4.0/avr5\libgcc.a(_umulhisi3.o)
 .text.libgcc   0x00000000        0x0 c:/program files/microchip/avr8-gnu-toolchain-win32_x86/bin/../lib/gcc/avr/5.4.0/avr5\libgcc.a(_umulhisi3.o)
 .text.libgcc.prologue
                0x00000000        0x0 c:/program files/microchip/avr8-gnu-toolchain-win32_x86/bin/../lib/gcc/avr/5.4.0/avr5\libgcc.a(_umulhisi3.o)
 .text.libgcc.builtins
                0x00000000        0x0 c:/program files/microchip/avr8-gnu-toolchain-win32_x86/bin/../lib/gcc/avr/5.4.0/avr5\libgcc.a(_umulhisi3.o)
 .text.libgcc.fmul
                0x00000000        0x0 c:/program files/microchip/avr8-gnu-toolchain-win32_x86/bin/../lib/gcc/avr/5.4.0/avr5\libgcc.a(_umulhisi3.o)
 .text.libgcc.fixed
                0x00000000        0x0 c:/program files/microchip/avr8-gnu-toolchain-win32_x86/bin/../lib/gcc/avr/5.4.0/avr5\libgcc.a(_umulhisi3.o)
 .text          0x00000000        0x0 c:/program files/microchip/avr8-gnu-toolchain-win32_x86/bin/../lib/gcc/avr/5.4.0/avr5\libgcc.a(_muluhisi3.o)
 .data          0x00000000        0x0 c:/program files/microchip/avr8-gnu-toolchain-win32_x86/bin/../lib/gcc/avr/5.4.0/avr5\libgcc.a(_muluhisi3.o)
 .bss           0x00000000        0x0 c:/program files/microchip/avr8-gnu-toolchain-win32_x86/bin/../lib/gcc/avr/5.4.0/avr5\libgcc.a(_muluhisi3.o)
 .text.libgcc.mul
                0x00000000       0x16 c:/program files/microchip/avr8-gnu-toolchain-win32_x86/bin/../lib/gcc/avr/5.4.0/avr5\libgcc.a(_muluhisi3.o)
 .text.libgcc.div
                0x00000000        0x0 c:/program files/microchip/avr8-gnu-toolchain-win32_x86/bin/../lib/gcc/avr/5.4.0/avr5\libgcc.a(_muluhisi3.o)
 .text.libgcc   0x00000000        0x0 c:/program files/microchip/avr8-gnu-toolchain-win32_x86/bin/../lib/gcc/avr/5.4.0/avr5\libgcc.a(_muluhisi3.o)
 .text.libgcc.prologue
                0x00000000        0x0 c:/program files/microchip/avr8-gnu-toolchain-win32_x86/bin/../lib/gcc/avr/5.4.0/avr5\libgcc.a(_muluhisi3.o)
 .text.libgcc.builtins
                0x00000000        0x0 c:/program files/microchip/avr8-gnu-toolchain-win32_x86/bin/../lib/gcc/avr/5.4.0/avr5\libgcc.a(_muluhisi3.o)
 .text.libgcc.fmul
                0x00000000        0x0 c:/program files/microchip/avr8-gnu-toolchain-win32_x86/bin/../lib/gcc/avr/5.4.0/avr5\libgcc.a(_muluhisi3.o)
 .text.libgcc.fixed
                0x00000000        0x0 c:/program files/microchip/avr8-gnu-toolchain-win32_x86/bin/../lib/gcc/avr/5.4.0/avr5\libgcc.a(_muluhisi3.o)

Memory Configuration

Name             Origin             Length             Attributes
text             0x00000000         0x00008000         xr
data             0x00800100         0x00000800         rw !x
eeprom           0x00810000         0x00000400         rw !x
fuse             0x00820000         0x00000003         rw !x
lock             0x00830000         0x00000400         rw !x
signature        0x00840000         0x00000400         rw !x
user_signatures  0x00850000         0x00000400         rw !x
*default*        0x00000000         0xffffffff

Linker script and memory map

Address of section .data set to 0x800100
LOAD C:/Program Files/Microchip/MPLABX/v6.00/packs/Microchip/ATmega_DFP/2.4.131/gcc/dev/atmega328p/avr5/crtatmega328p.o
LOAD build/default/production/mcc_generated_files/src/protected_io.o
LOAD build/default/production/mcc_generated_files/src/tc1.o
LOAD build/default/production/mcc_generated_files/src/cpuint.o
LOAD build/default/production/mcc_generated_files/src/pin_manager.o
LOAD build/default/production/mcc_generated_files/src/tc0.o
LOAD build/default/production/mcc_generated_files/src/exint.o
LOAD build/default/production/mcc_generated_files/device_config.o
LOAD build/default/production/mcc_generated_files/mcc.o
LOAD build/default/production/main.o
LOAD build/default/production/PID.o
LOAD build/default/production/mcc_generated_files/src/adc.o
                0x00000001                __MPLAB_BUILD = 0x1
START GROUP
LOAD c:/program files/microchip/avr8-gnu-toolchain-win32_x86/bin/../lib/gcc/avr/5.4.0/../../../../avr/lib/avr5\libm.a
END GROUP
START GROUP
LOAD c:/program files/microchip/avr8-gnu-toolchain-win32_x86/bin/../lib/gcc/avr/5.4.0/avr5\libgcc.a
LOAD c:/program files/microchip/avr8-gnu-toolchain-win32_x86/bin/../lib/gcc/avr/5.4.0/../../../../avr/lib/avr5\libm.a
LOAD c:/program files/microchip/avr8-gnu-toolchain-win32_x86/bin/../lib/gcc/avr/5.4.0/../../../../avr/lib/avr5\libc.a
LOAD C:/Program Files/Microchip/MPLABX/v6.00/packs/Microchip/ATmega_DFP/2.4.131/gcc/dev/atmega328p/avr5\libatmega328p.a
END GROUP
                0x00000000                __TEXT_REGION_ORIGIN__ = DEFINED (__TEXT_REGION_ORIGIN__)?__TEXT_REGION_ORIGIN__:0x0
                [0x00800100]                __DATA_REGION_ORIGIN__ = DEFINED (__DATA_REGION_ORIGIN__)?__DATA_REGION_ORIGIN__:0x800060
                [0x00008000]                __TEXT_REGION_LENGTH__ = DEFINED (__TEXT_REGION_LENGTH__)?__TEXT_REGION_LENGTH__:0x20000
                [0x00000800]                __DATA_REGION_LENGTH__ = DEFINED (__DATA_REGION_LENGTH__)?__DATA_REGION_LENGTH__:0xffa0
                [0x00000400]                __EEPROM_REGION_LENGTH__ = DEFINED (__EEPROM_REGION_LENGTH__)?__EEPROM_REGION_LENGTH__:0x10000
                [0x00000003]                __FUSE_REGION_LENGTH__ = DEFINED (__FUSE_REGION_LENGTH__)?__FUSE_REGION_LENGTH__:0x400
                0x00000400                __LOCK_REGION_LENGTH__ = DEFINED (__LOCK_REGION_LENGTH__)?__LOCK_REGION_LENGTH__:0x400
                0x00000400                __SIGNATURE_REGION_LENGTH__ = DEFINED (__SIGNATURE_REGION_LENGTH__)?__SIGNATURE_REGION_LENGTH__:0x400
                0x00000400                __USER_SIGNATURE_REGION_LENGTH__ = DEFINED (__USER_SIGNATURE_REGION_LENGTH__)?__USER_SIGNATURE_REGION_LENGTH__:0x400

.hash
 *(.hash)

.dynsym
 *(.dynsym)

.dynstr
 *(.dynstr)

.gnu.version
 *(.gnu.version)

.gnu.version_d
 *(.gnu.version_d)

.gnu.version_r
 *(.gnu.version_r)

.rel.init
 *(.rel.init)

.rela.init
 *(.rela.init)

.rel.text
 *(.rel.text)
 *(.rel.text.*)
 *(.rel.gnu.linkonce.t*)

.rela.text
 *(.rela.text)
 *(.rela.text.*)
 *(.rela.gnu.linkonce.t*)

.rel.fini
 *(.rel.fini)

.rela.fini
 *(.rela.fini)

.rel.rodata
 *(.rel.rodata)
 *(.rel.rodata.*)
 *(.rel.gnu.linkonce.r*)

.rela.rodata
 *(.rela.rodata)
 *(.rela.rodata.*)
 *(.rela.gnu.linkonce.r*)

.rel.data
 *(.rel.data)
 *(.rel.data.*)
 *(.rel.gnu.linkonce.d*)

.rela.data
 *(.rela.data)
 *(.rela.data.*)
 *(.rela.gnu.linkonce.d*)

.rel.ctors
 *(.rel.ctors)

.rela.ctors
 *(.rela.ctors)

.rel.dtors
 *(.rel.dtors)

.rela.dtors
 *(.rela.dtors)

.rel.got
 *(.rel.got)

.rela.got
 *(.rela.got)

.rel.bss
 *(.rel.bss)

.rela.bss
 *(.rela.bss)

.rel.plt
 *(.rel.plt)

.rela.plt
 *(.rela.plt)

.text           0x00000000      0xf24
 *(.vectors)
 .vectors       0x00000000       0x68 C:/Program Files/Microchip/MPLABX/v6.00/packs/Microchip/ATmega_DFP/2.4.131/gcc/dev/atmega328p/avr5/crtatmega328p.o
                0x00000000                __vector_default
                0x00000000                __vectors
 *(.vectors)
 *(.progmem.gcc*)
                0x00000068                . = ALIGN (0x2)
                0x00000068                __trampolines_start = .
 *(.trampolines)
 .trampolines   0x00000068        0x0 linker stubs
 *(.trampolines*)
                0x00000068                __trampolines_end = .
 *libprintf_flt.a:*(.progmem.data)
 *libc.a:*(.progmem.data)
 *(.progmem*)
                0x00000068                . = ALIGN (0x2)
 *(.jumptables)
 *(.jumptables*)
 *(.lowtext)
 *(.lowtext*)
                0x00000068                __ctors_start = .
 *(.ctors)
                0x00000068                __ctors_end = .
                0x00000068                __dtors_start = .
 *(.dtors)
                0x00000068                __dtors_end = .
 SORT(*)(.ctors)
 SORT(*)(.dtors)
 *(.init0)
 .init0         0x00000068        0x0 C:/Program Files/Microchip/MPLABX/v6.00/packs/Microchip/ATmega_DFP/2.4.131/gcc/dev/atmega328p/avr5/crtatmega328p.o
                0x00000068                __init
 *(.init0)
 *(.init1)
 *(.init1)
 *(.init2)
 .init2         0x00000068        0xc C:/Program Files/Microchip/MPLABX/v6.00/packs/Microchip/ATmega_DFP/2.4.131/gcc/dev/atmega328p/avr5/crtatmega328p.o
 *(.init2)
 *(.init3)
 *(.init3)
 *(.init4)
 .init4         0x00000074       0x16 c:/program files/microchip/avr8-gnu-toolchain-win32_x86/bin/../lib/gcc/avr/5.4.0/avr5\libgcc.a(_copy_data.o)
                0x00000074                __do_copy_data
 .init4         0x0000008a       0x10 c:/program files/microchip/avr8-gnu-toolchain-win32_x86/bin/../lib/gcc/avr/5.4.0/avr5\libgcc.a(_clear_bss.o)
                0x0000008a                __do_clear_bss
 *(.init4)
 *(.init5)
 *(.init5)
 *(.init6)
 *(.init6)
 *(.init7)
 *(.init7)
 *(.init8)
 *(.init8)
 *(.init9)
 .init9         0x0000009a        0x8 C:/Program Files/Microchip/MPLABX/v6.00/packs/Microchip/ATmega_DFP/2.4.131/gcc/dev/atmega328p/avr5/crtatmega328p.o
 *(.init9)
 *(.text)
 .text          0x000000a2        0x4 C:/Program Files/Microchip/MPLABX/v6.00/packs/Microchip/ATmega_DFP/2.4.131/gcc/dev/atmega328p/avr5/crtatmega328p.o
                0x000000a2                __vector_22
                0x000000a2                __vector_24
                0x000000a2                __bad_interrupt
                0x000000a2                __vector_3
                0x000000a2                __vector_23
                0x000000a2                __vector_25
                0x000000a2                __vector_17
                0x000000a2                __vector_19
                0x000000a2                __vector_7
                0x000000a2                __vector_5
                0x000000a2                __vector_4
                0x000000a2                __vector_9
                0x000000a2                __vector_8
                0x000000a2                __vector_18
                0x000000a2                __vector_20
                0x000000a6                . = ALIGN (0x2)
 *(.text.*)
 .text.TC1_DefaultCOMPAIsrCallback
                0x000000a6        0x2 build/default/production/mcc_generated_files/src/tc1.o
                0x000000a6                TC1_DefaultCOMPAIsrCallback
 .text.TC1_DefaultCOMPBIsrCallback
                0x000000a8        0x2 build/default/production/mcc_generated_files/src/tc1.o
                0x000000a8                TC1_DefaultCOMPBIsrCallback
 .text.TC1_DefaultOVFIsrCallback
                0x000000aa        0x2 build/default/production/mcc_generated_files/src/tc1.o
                0x000000aa                TC1_DefaultOVFIsrCallback
 .text.TC1_DefaultCAPTIsrCallback
                0x000000ac        0x2 build/default/production/mcc_generated_files/src/tc1.o
                0x000000ac                TC1_DefaultCAPTIsrCallback
 .text.__vector_11
                0x000000ae       0x58 build/default/production/mcc_generated_files/src/tc1.o
                0x000000ae                __vector_11
 .text.__vector_12
                0x00000106       0x58 build/default/production/mcc_generated_files/src/tc1.o
                0x00000106                __vector_12
 .text.__vector_13
                0x0000015e       0x58 build/default/production/mcc_generated_files/src/tc1.o
                0x0000015e                __vector_13
 .text.__vector_10
                0x000001b6       0x58 build/default/production/mcc_generated_files/src/tc1.o
                0x000001b6                __vector_10
 .text.TC1_Initialize
                0x0000020e       0x34 build/default/production/mcc_generated_files/src/tc1.o
                0x0000020e                TC1_Initialize
 .text.CPUINT_Initialize
                0x00000242        0xa build/default/production/mcc_generated_files/src/cpuint.o
                0x00000242                CPUINT_Initialize
 .text.PIN_MANAGER_Initialize
                0x0000024c       0x18 build/default/production/mcc_generated_files/src/pin_manager.o
                0x0000024c                PIN_MANAGER_Initialize
 .text.TC0_DefaultCMPAIsrCallback
                0x00000264       0x28 build/default/production/mcc_generated_files/src/tc0.o
                0x00000264                TC0_DefaultCMPAIsrCallback
 .text.TC0_DefaultCMPBIsrCallback
                0x0000028c        0x2 build/default/production/mcc_generated_files/src/tc0.o
                0x0000028c                TC0_DefaultCMPBIsrCallback
 .text.TC0_DefaultOVFIsrCallback
                0x0000028e        0x2 build/default/production/mcc_generated_files/src/tc0.o
                0x0000028e                TC0_DefaultOVFIsrCallback
 .text.millis   0x00000290       0x12 build/default/production/mcc_generated_files/src/tc0.o
                0x00000290                millis
 .text.__vector_14
                0x000002a2       0x56 build/default/production/mcc_generated_files/src/tc0.o
                0x000002a2                __vector_14
 .text.__vector_15
                0x000002f8       0x56 build/default/production/mcc_generated_files/src/tc0.o
                0x000002f8                __vector_15
 .text.__vector_16
                0x0000034e       0x54 build/default/production/mcc_generated_files/src/tc0.o
                0x0000034e                __vector_16
 .text.TC0_Initialize
                0x000003a2       0x1a build/default/production/mcc_generated_files/src/tc0.o
                0x000003a2                TC0_Initialize
 .text.EXINT_0_Initialize
                0x000003bc        0xe build/default/production/mcc_generated_files/src/exint.o
                0x000003bc                EXINT_0_Initialize
 .text.__vector_1
                0x000003ca       0x30 build/default/production/mcc_generated_files/src/exint.o
                0x000003ca                __vector_1
 .text.__vector_2
                0x000003fa       0x16 build/default/production/mcc_generated_files/src/exint.o
                0x000003fa                __vector_2
 .text.__vector_6
                0x00000410       0x2a build/default/production/mcc_generated_files/mcc.o
                0x00000410                __vector_6
 .text.CPU_Initialize
                0x0000043a        0xc build/default/production/mcc_generated_files/mcc.o
                0x0000043a                CPU_Initialize
 .text.SYSTEM_Initialize
                0x00000446       0x22 build/default/production/mcc_generated_files/mcc.o
                0x00000446                SYSTEM_Initialize
 .text.main     0x00000468       0xd6 build/default/production/main.o
                0x00000468                main
 .text.pid_tune
                0x0000053e      0x160 build/default/production/PID.o
                0x0000053e                pid_tune
 .text.pid_limits
                0x0000069e      0x10c build/default/production/PID.o
                0x0000069e                pid_limits
 .text.pid_auto
                0x000007aa       0xa4 build/default/production/PID.o
                0x000007aa                pid_auto
 .text.pid_direction
                0x0000084e       0x6e build/default/production/PID.o
                0x0000084e                pid_direction
 .text.pid_create
                0x000008bc       0xde build/default/production/PID.o
                0x000008bc                pid_create
 .text.ADC_Initialize
                0x0000099a       0x14 build/default/production/mcc_generated_files/src/adc.o
                0x0000099a                ADC_Initialize
 .text.ADC_StartConversion
                0x000009ae       0x1c build/default/production/mcc_generated_files/src/adc.o
                0x000009ae                ADC_StartConversion
 .text.ADC_IsConversionDone
                0x000009ca        0xa build/default/production/mcc_generated_files/src/adc.o
                0x000009ca                ADC_IsConversionDone
 .text.ADC_GetConversionResult
                0x000009d4        0xe build/default/production/mcc_generated_files/src/adc.o
                0x000009d4                ADC_GetConversionResult
 .text.ADC_GetConversion
                0x000009e2       0x1c build/default/production/mcc_generated_files/src/adc.o
                0x000009e2                ADC_GetConversion
 .text.__vector_21
                0x000009fe       0x52 build/default/production/mcc_generated_files/src/adc.o
                0x000009fe                __vector_21
 .text.avr-libc.fplib
                0x00000a50        0xe c:/program files/microchip/avr8-gnu-toolchain-win32_x86/bin/../lib/gcc/avr/5.4.0/../../../../avr/lib/avr5\libm.a(addsf3.o)
                0x00000a50                __subsf3
                0x00000a52                __addsf3
 .text.avr-libc.fplib
                0x00000a5e       0xcc c:/program files/microchip/avr8-gnu-toolchain-win32_x86/bin/../lib/gcc/avr/5.4.0/../../../../avr/lib/avr5\libm.a(addsf3x.o)
                0x00000a80                __addsf3x
 .text.avr-libc.fplib
                0x00000b2a        0xa c:/program files/microchip/avr8-gnu-toolchain-win32_x86/bin/../lib/gcc/avr/5.4.0/../../../../avr/lib/avr5\libm.a(cmpsf2.o)
                0x00000b2a                __nesf2
                0x00000b2a                __eqsf2
                0x00000b2a                __cmpsf2
                0x00000b2a                __ltsf2
                0x00000b2a                __lesf2
 .text.avr-libc.fplib
                0x00000b34        0x8 c:/program files/microchip/avr8-gnu-toolchain-win32_x86/bin/../lib/gcc/avr/5.4.0/../../../../avr/lib/avr5\libm.a(divsf3.o)
                0x00000b34                __divsf3
 .text.avr-libc.fplib
                0x00000b3c       0xdc c:/program files/microchip/avr8-gnu-toolchain-win32_x86/bin/../lib/gcc/avr/5.4.0/../../../../avr/lib/avr5\libm.a(divsf3x.o)
                0x00000b5c                __divsf3x
                0x00000b62                __divsf3_pse
 .text.avr-libc.fplib
                0x00000c18       0x5e c:/program files/microchip/avr8-gnu-toolchain-win32_x86/bin/../lib/gcc/avr/5.4.0/../../../../avr/lib/avr5\libm.a(fixunssfsi.o)
                0x00000c18                __fixunssfsi
 .text.avr-libc.fplib
                0x00000c76       0x7a c:/program files/microchip/avr8-gnu-toolchain-win32_x86/bin/../lib/gcc/avr/5.4.0/../../../../avr/lib/avr5\libm.a(floatsisf.o)
                0x00000c76                __floatunsisf
                0x00000c7a                __floatsisf
 .text.avr-libc.fplib
                0x00000cf0       0x48 c:/program files/microchip/avr8-gnu-toolchain-win32_x86/bin/../lib/gcc/avr/5.4.0/../../../../avr/lib/avr5\libm.a(fp_cmp.o)
                0x00000cf0                __fp_cmp
 .text.avr-libc.fplib
                0x00000d38        0xc c:/program files/microchip/avr8-gnu-toolchain-win32_x86/bin/../lib/gcc/avr/5.4.0/../../../../avr/lib/avr5\libm.a(fp_inf.o)
                0x00000d38                __fp_inf
 .text.avr-libc.fplib
                0x00000d44        0x6 c:/program files/microchip/avr8-gnu-toolchain-win32_x86/bin/../lib/gcc/avr/5.4.0/../../../../avr/lib/avr5\libm.a(fp_nan.o)
                0x00000d44                __fp_nan
 .text.avr-libc.fplib
                0x00000d4a        0xe c:/program files/microchip/avr8-gnu-toolchain-win32_x86/bin/../lib/gcc/avr/5.4.0/../../../../avr/lib/avr5\libm.a(fp_pscA.o)
                0x00000d4a                __fp_pscA
 .text.avr-libc.fplib
                0x00000d58        0xe c:/program files/microchip/avr8-gnu-toolchain-win32_x86/bin/../lib/gcc/avr/5.4.0/../../../../avr/lib/avr5\libm.a(fp_pscB.o)
                0x00000d58                __fp_pscB
 .text.avr-libc.fplib
                0x00000d66       0x22 c:/program files/microchip/avr8-gnu-toolchain-win32_x86/bin/../lib/gcc/avr/5.4.0/../../../../avr/lib/avr5\libm.a(fp_round.o)
                0x00000d66                __fp_round
 .text.avr-libc.fplib
                0x00000d88       0x44 c:/program files/microchip/avr8-gnu-toolchain-win32_x86/bin/../lib/gcc/avr/5.4.0/../../../../avr/lib/avr5\libm.a(fp_split3.o)
                0x00000d88                __fp_split3
                0x00000d98                __fp_splitA
 .text.avr-libc.fplib
                0x00000dcc        0xe c:/program files/microchip/avr8-gnu-toolchain-win32_x86/bin/../lib/gcc/avr/5.4.0/../../../../avr/lib/avr5\libm.a(fp_zero.o)
                0x00000dcc                __fp_zero
                0x00000dce                __fp_szero
 .text.avr-libc.fplib
                0x00000dda        0xa c:/program files/microchip/avr8-gnu-toolchain-win32_x86/bin/../lib/gcc/avr/5.4.0/../../../../avr/lib/avr5\libm.a(gesf2.o)
                0x00000dda                __gesf2
                0x00000dda                __gtsf2
 .text.avr-libc.fplib
                0x00000de4        0x8 c:/program files/microchip/avr8-gnu-toolchain-win32_x86/bin/../lib/gcc/avr/5.4.0/../../../../avr/lib/avr5\libm.a(mulsf3.o)
                0x00000de4                __mulsf3
 .text.avr-libc.fplib
                0x00000dec       0xd2 c:/program files/microchip/avr8-gnu-toolchain-win32_x86/bin/../lib/gcc/avr/5.4.0/../../../../avr/lib/avr5\libm.a(mulsf3x.o)
                0x00000e0a                __mulsf3x
                0x00000e10                __mulsf3_pse
 .text.libgcc.div
                0x00000ebe       0x44 c:/program files/microchip/avr8-gnu-toolchain-win32_x86/bin/../lib/gcc/avr/5.4.0/avr5\libgcc.a(_udivmodsi4.o)
                0x00000ebe                __udivmodsi4
 .text.libgcc.mul
                0x00000f02       0x1e c:/program files/microchip/avr8-gnu-toolchain-win32_x86/bin/../lib/gcc/avr/5.4.0/avr5\libgcc.a(_umulhisi3.o)
                0x00000f02                __umulhisi3
                0x00000f20                . = ALIGN (0x2)
 *(.fini9)
 .fini9         0x00000f20        0x0 c:/program files/microchip/avr8-gnu-toolchain-win32_x86/bin/../lib/gcc/avr/5.4.0/avr5\libgcc.a(_exit.o)
                0x00000f20                _exit
                0x00000f20                exit
 *(.fini9)
 *(.fini8)
 *(.fini8)
 *(.fini7)
 *(.fini7)
 *(.fini6)
 *(.fini6)
 *(.fini5)
 *(.fini5)
 *(.fini4)
 *(.fini4)
 *(.fini3)
 *(.fini3)
 *(.fini2)
 *(.fini2)
 *(.fini1)
 *(.fini1)
 *(.fini0)
 .fini0         0x00000f20        0x4 c:/program files/microchip/avr8-gnu-toolchain-win32_x86/bin/../lib/gcc/avr/5.4.0/avr5\libgcc.a(_exit.o)
 *(.fini0)
                0x00000f24                _etext = .

.data           0x00800100       0x1e load address 0x00000f24
                0x00800100                PROVIDE (__data_start, .)
 *(.data)
 *(.data*)
 .data.TC1_CAPT_isr_cb
                0x00800100        0x2 build/default/production/mcc_generated_files/src/tc1.o
                0x00800100                TC1_CAPT_isr_cb
 .data.TC1_OVF_isr_cb
                0x00800102        0x2 build/default/production/mcc_generated_files/src/tc1.o
                0x00800102                TC1_OVF_isr_cb
 .data.TC1_COMPB_isr_cb
                0x00800104        0x2 build/default/production/mcc_generated_files/src/tc1.o
                0x00800104                TC1_COMPB_isr_cb
 .data.TC1_COMPA_isr_cb
                0x00800106        0x2 build/default/production/mcc_generated_files/src/tc1.o
                0x00800106                TC1_COMPA_isr_cb
 .data.TC0_OVF_isr_cb
                0x00800108        0x2 build/default/production/mcc_generated_files/src/tc0.o
                0x00800108                TC0_OVF_isr_cb
 .data.TC0_CMPB_isr_cb
                0x0080010a        0x2 build/default/production/mcc_generated_files/src/tc0.o
                0x0080010a                TC0_CMPB_isr_cb
 .data.TC0_CMPA_isr_cb
                0x0080010c        0x2 build/default/production/mcc_generated_files/src/tc0.o
                0x0080010c                TC0_CMPA_isr_cb
 .data.kd       0x0080010e        0x4 build/default/production/main.o
                0x0080010e                kd
 .data.ki       0x00800112        0x4 build/default/production/main.o
                0x00800112                ki
 .data.kp       0x00800116        0x4 build/default/production/main.o
                0x00800116                kp
 .data.setpoint
                0x0080011a        0x4 build/default/production/main.o
                0x0080011a                setpoint
 *(.gnu.linkonce.d*)
 *(.rodata)
 *(.rodata*)
 *(.gnu.linkonce.r*)
                0x0080011e                . = ALIGN (0x2)
                0x0080011e                _edata = .
                0x0080011e                PROVIDE (__data_end, .)

.bss            0x0080011e       0x3e
                0x0080011e                PROVIDE (__bss_start, .)
 *(.bss)
 *(.bss*)
 .bss.ms        0x0080011e        0x4 build/default/production/mcc_generated_files/src/tc0.o
                0x0080011e                ms
 .bss.capture   0x00800122        0x2 build/default/production/mcc_generated_files/src/exint.o
                0x00800122                capture
 .bss.output    0x00800124        0x4 build/default/production/main.o
                0x00800124                output
 .bss.input     0x00800128        0x4 build/default/production/main.o
                0x00800128                input
 .bss.ADC_cb    0x0080012c        0x2 build/default/production/mcc_generated_files/src/adc.o
                0x0080012c                ADC_cb
 *(COMMON)
 COMMON         0x0080012e       0x2e build/default/production/main.o
                0x0080012e                pid
                0x00800130                ctrldata
                0x0080015c                PROVIDE (__bss_end, .)
                0x00000f24                __data_load_start = LOADADDR (.data)
                0x00000f42                __data_load_end = (__data_load_start + SIZEOF (.data))

.noinit         0x0080015c        0x0
                [!provide]                PROVIDE (__noinit_start, .)
 *(.noinit*)
                [!provide]                PROVIDE (__noinit_end, .)
                0x0080015c                _end = .
                [!provide]                PROVIDE (__heap_start, .)

.eeprom         0x00810000        0x0
 *(.eeprom*)
                0x00810000                __eeprom_end = .

.fuse           0x00820000        0x3
 *(.fuse)
 .fuse          0x00820000        0x3 build/default/production/mcc_generated_files/device_config.o
                0x00820000                __fuse
 *(.lfuse)
 *(.hfuse)
 *(.efuse)

.lock
 *(.lock*)

.signature
 *(.signature*)

.user_signatures
 *(.user_signatures*)

.stab
 *(.stab)

.stabstr
 *(.stabstr)

.stab.excl
 *(.stab.excl)

.stab.exclstr
 *(.stab.exclstr)

.stab.index
 *(.stab.index)

.stab.indexstr
 *(.stab.indexstr)

.comment        0x00000000       0x30
 *(.comment)
 .comment       0x00000000       0x30 build/default/production/mcc_generated_files/src/tc1.o
                                 0x31 (size before relaxing)
 .comment       0x00000030       0x31 build/default/production/mcc_generated_files/src/cpuint.o
 .comment       0x00000030       0x31 build/default/production/mcc_generated_files/src/pin_manager.o
 .comment       0x00000030       0x31 build/default/production/mcc_generated_files/src/tc0.o
 .comment       0x00000030       0x31 build/default/production/mcc_generated_files/src/exint.o
 .comment       0x00000030       0x31 build/default/production/mcc_generated_files/device_config.o
 .comment       0x00000030       0x31 build/default/production/mcc_generated_files/mcc.o
 .comment       0x00000030       0x31 build/default/production/main.o
 .comment       0x00000030       0x31 build/default/production/PID.o
 .comment       0x00000030       0x31 build/default/production/mcc_generated_files/src/adc.o

.note.gnu.avr.deviceinfo
                0x00000000       0x40
 .note.gnu.avr.deviceinfo
                0x00000000       0x40 C:/Program Files/Microchip/MPLABX/v6.00/packs/Microchip/ATmega_DFP/2.4.131/gcc/dev/atmega328p/avr5/crtatmega328p.o

.note.gnu.build-id
 *(.note.gnu.build-id)

.debug
 *(.debug)

.line
 *(.line)

.debug_srcinfo
 *(.debug_srcinfo)

.debug_sfnames
 *(.debug_sfnames)

.debug_aranges
 *(.debug_aranges)

.debug_pubnames
 *(.debug_pubnames)

.debug_info     0x00000000      0x5f4
 *(.debug_info .gnu.linkonce.wi.*)
 .debug_info    0x00000000      0x5f4 C:/Program Files/Microchip/MPLABX/v6.00/packs/Microchip/ATmega_DFP/2.4.131/gcc/dev/atmega328p/avr5/crtatmega328p.o

.debug_abbrev   0x00000000      0x5a2
 *(.debug_abbrev)
 .debug_abbrev  0x00000000      0x5a2 C:/Program Files/Microchip/MPLABX/v6.00/packs/Microchip/ATmega_DFP/2.4.131/gcc/dev/atmega328p/avr5/crtatmega328p.o

.debug_line     0x00000000      0x134
 *(.debug_line .debug_line.* .debug_line_end)
 .debug_line    0x00000000      0x134 C:/Program Files/Microchip/MPLABX/v6.00/packs/Microchip/ATmega_DFP/2.4.131/gcc/dev/atmega328p/avr5/crtatmega328p.o

.debug_frame
 *(.debug_frame)

.debug_str      0x00000000      0x208
 *(.debug_str)
 .debug_str     0x00000000      0x208 C:/Program Files/Microchip/MPLABX/v6.00/packs/Microchip/ATmega_DFP/2.4.131/gcc/dev/atmega328p/avr5/crtatmega328p.o

.debug_loc
 *(.debug_loc)

.debug_macinfo
 *(.debug_macinfo)

.debug_weaknames
 *(.debug_weaknames)

.debug_funcnames
 *(.debug_funcnames)

.debug_typenames
 *(.debug_typenames)

.debug_varnames
 *(.debug_varnames)

.debug_pubtypes
 *(.debug_pubtypes)

.debug_ranges
 *(.debug_ranges)

.debug_macro
 *(.debug_macro)
OUTPUT(dist/default/production/generator_automatics.X.production.elf elf32-avr)
LOAD linker stubs
